write_evaluation: PASS - classification=fully
write_evaluation: PASS - classification=substantially
write_evaluation: PASS - classification=substantially
write_evaluation: PASS - classification=substantially
write_evaluation: PASS - classification=partially
write_evaluation: PASS - classification=fully
write_evaluation: PASS - classification=substantially
write_evaluation: PASS - classification=substantially
write_evaluation: PASS - classification=fully
write_evaluation: PASS - classification=substantially
write_evaluation: PASS - classification=fully
write_evaluation: PASS - classification=substantially
write_evaluation: PASS - classification=substantially
write_evaluation: PASS - classification=substantially
write_evaluation: PASS - classification=fully
invoke: C:\xAppz\miniconda\python.exe C:\xPY\xPrj\LLM_Wiki\03_PKE_SA_NQA1\Enconet\scripts\write_evaluation.py C:\xPY\xPrj\LLM_Wiki\03_PKE_SA_NQA1\Enconet\out\2026-10-08\conformance-run17\records\APP_B_I.json --run-id RUN-20261008-17 --evidence CRUMB-DOC-0001-APP_B_I-0002 --evidence CRUMB-DOC-0001-APP_B_I-0011 --evidence CRUMB-DOC-0001-APP_B_I-0012 --evidence CRUMB-DOC-0001-APP_B_I-0013 --evidence CRUMB-DOC-0003-APP_B_I-0006 --evidence CRUMB-DOC-0003-APP_B_I-0044 --evidence CRUMB-DOC-0008-APP_B_I-0005
invoke: C:\xAppz\miniconda\python.exe C:\xPY\xPrj\LLM_Wiki\03_PKE_SA_NQA1\Enconet\scripts\write_evaluation.py C:\xPY\xPrj\LLM_Wiki\03_PKE_SA_NQA1\Enconet\out\2026-10-08\conformance-run17\records\APP_B_II.json --run-id RUN-20261008-17 --evidence CRUMB-DOC-0001-APP_B_II-0021 --evidence CRUMB-DOC-0001-APP_B_II-0025 --evidence CRUMB-DOC-0001-APP_B_II-0035 --evidence CRUMB-DOC-0006-APP_B_II-0013 --evidence CRUMB-DOC-0006-APP_B_II-0020 --evidence CRUMB-DOC-0006-APP_B_II-0021 --evidence CRUMB-DOC-0006-APP_B_II-0028 --evidence CRUMB-DOC-0006-APP_B_II-0031
invoke: C:\xAppz\miniconda\python.exe C:\xPY\xPrj\LLM_Wiki\03_PKE_SA_NQA1\Enconet\scripts\write_evaluation.py C:\xPY\xPrj\LLM_Wiki\03_PKE_SA_NQA1\Enconet\out\2026-10-08\conformance-run17\records\APP_B_III.json --run-id RUN-20261008-17 --evidence CRUMB-DOC-0008-APP_B_III-0022 --evidence CRUMB-DOC-0008-APP_B_III-0033 --evidence CRUMB-DOC-0008-APP_B_III-0034 --evidence CRUMB-DOC-0008-APP_B_III-0040 --evidence CRUMB-DOC-0008-APP_B_III-0043 --evidence CRUMB-DOC-0016-APP_B_III-0009 --evidence CRUMB-DOC-0017-APP_B_III-0003 --evidence CRUMB-DOC-0019-APP_B_III-0001
invoke: C:\xAppz\miniconda\python.exe C:\xPY\xPrj\LLM_Wiki\03_PKE_SA_NQA1\Enconet\scripts\write_evaluation.py C:\xPY\xPrj\LLM_Wiki\03_PKE_SA_NQA1\Enconet\out\2026-10-08\conformance-run17\records\APP_B_IV.json --run-id RUN-20261008-17 --evidence CRUMB-DOC-0001-APP_B_IV-0006 --evidence CRUMB-DOC-0001-APP_B_IV-0010 --evidence CRUMB-DOC-0001-APP_B_IV-0011 --evidence CRUMB-DOC-0001-APP_B_IV-0015 --evidence CRUMB-DOC-0001-APP_B_IV-0016 --evidence CRUMB-DOC-0003-APP_B_IV-0005 --evidence CRUMB-DOC-0002-APP_B_IV-0004
invoke: C:\xAppz\miniconda\python.exe C:\xPY\xPrj\LLM_Wiki\03_PKE_SA_NQA1\Enconet\scripts\write_evaluation.py C:\xPY\xPrj\LLM_Wiki\03_PKE_SA_NQA1\Enconet\out\2026-10-08\conformance-run17\records\APP_B_IX.json --run-id RUN-20261008-17 --evidence CRUMB-DOC-0001-APP_B_IX-0001 --evidence CRUMB-DOC-0001-APP_B_IX-0003 --evidence CRUMB-DOC-0001-APP_B_IX-0004 --evidence CRUMB-DOC-0002-APP_B_IX-0001 --evidence CRUMB-DOC-0003-APP_B_IX-0004 --evidence CRUMB-DOC-0003-APP_B_IX-0006
invoke: C:\xAppz\miniconda\python.exe C:\xPY\xPrj\LLM_Wiki\03_PKE_SA_NQA1\Enconet\scripts\write_evaluation.py C:\xPY\xPrj\LLM_Wiki\03_PKE_SA_NQA1\Enconet\out\2026-10-08\conformance-run17\records\APP_B_V.json --run-id RUN-20261008-17 --evidence CRUMB-DOC-0001-APP_B_V-0001 --evidence CRUMB-DOC-0001-APP_B_V-0002 --evidence CRUMB-DOC-0004-APP_B_V-0005 --evidence CRUMB-DOC-0008-APP_B_V-0001
invoke: C:\xAppz\miniconda\python.exe C:\xPY\xPrj\LLM_Wiki\03_PKE_SA_NQA1\Enconet\scripts\write_evaluation.py C:\xPY\xPrj\LLM_Wiki\03_PKE_SA_NQA1\Enconet\out\2026-10-08\conformance-run17\records\APP_B_VI.json --run-id RUN-20261008-17 --evidence CRUMB-DOC-0001-APP_B_VI-0016 --evidence CRUMB-DOC-0001-APP_B_VI-0021 --evidence CRUMB-DOC-0004-APP_B_VI-0019 --evidence CRUMB-DOC-0004-APP_B_VI-0026 --evidence CRUMB-DOC-0004-APP_B_VI-0046 --evidence CRUMB-DOC-0004-APP_B_VI-0049 --evidence CRUMB-DOC-0004-APP_B_VI-0055 --evidence CRUMB-DOC-0004-APP_B_VI-0067 --evidence CRUMB-DOC-0005-APP_B_VI-0006
invoke: C:\xAppz\miniconda\python.exe C:\xPY\xPrj\LLM_Wiki\03_PKE_SA_NQA1\Enconet\scripts\write_evaluation.py C:\xPY\xPrj\LLM_Wiki\03_PKE_SA_NQA1\Enconet\out\2026-10-08\conformance-run17\records\APP_B_VII.json --run-id RUN-20261008-17 --evidence CRUMB-DOC-0001-APP_B_VII-0005 --evidence CRUMB-DOC-0001-APP_B_VII-0007 --evidence CRUMB-DOC-0001-APP_B_VII-0012 --evidence CRUMB-DOC-0003-APP_B_VII-0014 --evidence CRUMB-DOC-0003-APP_B_VII-0019 --evidence CRUMB-DOC-0008-APP_B_VII-0003 --evidence CRUMB-DOC-0025-APP_B_VII-0003
invoke: C:\xAppz\miniconda\python.exe C:\xPY\xPrj\LLM_Wiki\03_PKE_SA_NQA1\Enconet\scripts\write_evaluation.py C:\xPY\xPrj\LLM_Wiki\03_PKE_SA_NQA1\Enconet\out\2026-10-08\conformance-run17\records\APP_B_VIII.json --run-id RUN-20261008-17 --evidence CRUMB-DOC-0001-APP_B_VIII-0002 --evidence CRUMB-DOC-0001-APP_B_VIII-0004 --evidence CRUMB-DOC-0016-APP_B_VIII-0002 --evidence CRUMB-DOC-0016-APP_B_VIII-0005 --evidence CRUMB-DOC-0020-APP_B_VIII-0004 --evidence CRUMB-DOC-0025-APP_B_VIII-0001 --evidence CRUMB-DOC-0025-APP_B_VIII-0005
invoke: C:\xAppz\miniconda\python.exe C:\xPY\xPrj\LLM_Wiki\03_PKE_SA_NQA1\Enconet\scripts\write_evaluation.py C:\xPY\xPrj\LLM_Wiki\03_PKE_SA_NQA1\Enconet\out\2026-10-08\conformance-run17\records\APP_B_X.json --run-id RUN-20261008-17 --evidence CRUMB-DOC-0001-APP_B_X-0003 --evidence CRUMB-DOC-0001-APP_B_X-0004 --evidence CRUMB-DOC-0001-APP_B_X-0006 --evidence CRUMB-DOC-0001-APP_B_X-0007 --evidence CRUMB-DOC-0003-APP_B_X-0006 --evidence CRUMB-DOC-0010-APP_B_X-0001
invoke: C:\xAppz\miniconda\python.exe C:\xPY\xPrj\LLM_Wiki\03_PKE_SA_NQA1\Enconet\scripts\write_evaluation.py C:\xPY\xPrj\LLM_Wiki\03_PKE_SA_NQA1\Enconet\out\2026-10-08\conformance-run17\records\APP_B_XI.json --run-id RUN-20261008-17 --evidence CRUMB-DOC-0001-APP_B_XI-0003 --evidence CRUMB-DOC-0017-APP_B_XI-0004 --evidence CRUMB-DOC-0018-APP_B_XI-0003 --evidence CRUMB-DOC-0019-APP_B_XI-0003 --evidence CRUMB-DOC-0019-APP_B_XI-0005 --evidence CRUMB-DOC-0019-APP_B_XI-0018 --evidence CRUMB-DOC-0019-APP_B_XI-0028 --evidence CRUMB-DOC-0020-APP_B_XI-0023 --evidence CRUMB-DOC-0020-APP_B_XI-0041 --evidence CRUMB-DOC-0020-APP_B_XI-0049
invoke: C:\xAppz\miniconda\python.exe C:\xPY\xPrj\LLM_Wiki\03_PKE_SA_NQA1\Enconet\scripts\write_evaluation.py C:\xPY\xPrj\LLM_Wiki\03_PKE_SA_NQA1\Enconet\out\2026-10-08\conformance-run17\records\APP_B_XII.json --run-id RUN-20261008-17 --evidence CRUMB-DOC-0001-APP_B_XII-0002 --evidence CRUMB-DOC-0001-APP_B_XII-0004 --evidence CRUMB-DOC-0001-APP_B_XII-0005 --evidence CRUMB-DOC-0020-APP_B_XII-0002 --evidence CRUMB-DOC-0025-APP_B_XII-0014 --evidence CRUMB-DOC-0025-APP_B_XII-0015 --evidence CRUMB-DOC-0025-APP_B_XII-0025
invoke: C:\xAppz\miniconda\python.exe C:\xPY\xPrj\LLM_Wiki\03_PKE_SA_NQA1\Enconet\scripts\write_evaluation.py C:\xPY\xPrj\LLM_Wiki\03_PKE_SA_NQA1\Enconet\out\2026-10-08\conformance-run17\records\APP_B_XIII.json --run-id RUN-20261008-17 --evidence CRUMB-DOC-0001-APP_B_XIII-0001 --evidence CRUMB-DOC-0001-APP_B_XIII-0003 --evidence CRUMB-DOC-0020-APP_B_XIII-0001 --evidence CRUMB-DOC-0025-APP_B_XIII-0003 --evidence CRUMB-DOC-0025-APP_B_XIII-0005 --evidence CRUMB-DOC-0018-APP_B_XVII-0001 --evidence CRUMB-DOC-0018-APP_B_XVII-0007
invoke: C:\xAppz\miniconda\python.exe C:\xPY\xPrj\LLM_Wiki\03_PKE_SA_NQA1\Enconet\scripts\write_evaluation.py C:\xPY\xPrj\LLM_Wiki\03_PKE_SA_NQA1\Enconet\out\2026-10-08\conformance-run17\records\APP_B_XIV.json --run-id RUN-20261008-17 --evidence CRUMB-DOC-0001-APP_B_XIV-0002 --evidence CRUMB-DOC-0003-APP_B_XIV-0004 --evidence CRUMB-DOC-0004-APP_B_XIV-0002 --evidence CRUMB-DOC-0008-APP_B_XIV-0002 --evidence CRUMB-DOC-0010-APP_B_XIV-0001 --evidence CRUMB-DOC-0020-APP_B_XIV-0001 --evidence CRUMB-DOC-0020-APP_B_XIV-0002
invoke: C:\xAppz\miniconda\python.exe C:\xPY\xPrj\LLM_Wiki\03_PKE_SA_NQA1\Enconet\scripts\write_evaluation.py C:\xPY\xPrj\LLM_Wiki\03_PKE_SA_NQA1\Enconet\out\2026-10-08\conformance-run17\records\APP_B_XV.json --run-id RUN-20261008-17 --evidence CRUMB-DOC-0001-APP_B_XV-0003 --evidence CRUMB-DOC-0010-APP_B_XV-0015 --evidence CRUMB-DOC-0010-APP_B_XV-0023 --evidence CRUMB-DOC-0010-APP_B_XV-0025 --evidence CRUMB-DOC-0010-APP_B_XV-0026 --evidence CRUMB-DOC-0010-APP_B_XV-0027 --evidence CRUMB-DOC-0010-APP_B_XV-0028 --evidence CRUMB-DOC-0010-APP_B_XV-0029 --evidence CRUMB-DOC-0010-APP_B_XV-0030 --evidence CRUMB-DOC-0010-APP_B_X-0001
invoke: C:\xAppz\miniconda\python.exe C:\xPY\xPrj\LLM_Wiki\03_PKE_SA_NQA1\Enconet\scripts\write_evaluation.py C:\xPY\xPrj\LLM_Wiki\03_PKE_SA_NQA1\Enconet\out\2026-10-08\conformance-run17\records\APP_B_XVI.json --run-id RUN-20261008-17 --evidence CRUMB-DOC-0001-APP_B_XVI-0002 --evidence CRUMB-DOC-0010-APP_B_XVI-0024 --evidence CRUMB-DOC-0011-APP_B_XVI-0010 --evidence CRUMB-DOC-0011-APP_B_XVI-0020 --evidence CRUMB-DOC-0011-APP_B_XVI-0021 --evidence CRUMB-DOC-0011-APP_B_XVI-0023 --evidence CRUMB-DOC-0011-APP_B_XVI-0031 --evidence CRUMB-DOC-0011-APP_B_XVI-0036write_evaluation: PASS - classification=fully
write_evaluation: PASS - classification=substantially
write_evaluation: PASS - classification=partially

invoke: C:\xAppz\miniconda\python.exe C:\xPY\xPrj\LLM_Wiki\03_PKE_SA_NQA1\Enconet\scripts\write_evaluation.py C:\xPY\xPrj\LLM_Wiki\03_PKE_SA_NQA1\Enconet\out\2026-10-08\conformance-run17\records\APP_B_XVII.json --run-id RUN-20261008-17 --evidence CRUMB-DOC-0001-APP_B_XVII-0005 --evidence CRUMB-DOC-0005-APP_B_XVII-0007 --evidence CRUMB-DOC-0005-APP_B_XVII-0008 --evidence CRUMB-DOC-0005-APP_B_XVII-0010 --evidence CRUMB-DOC-0005-APP_B_XVII-0021 --evidence CRUMB-DOC-0005-APP_B_XVII-0026 --evidence CRUMB-DOC-0005-APP_B_XVII-0036 --evidence CRUMB-DOC-0013-APP_B_XVII-0024 --evidence CRUMB-DOC-0018-APP_B_XVII-0007 --evidence CRUMB-DOC-0018-APP_B_XVII-0015
invoke: C:\xAppz\miniconda\python.exe C:\xPY\xPrj\LLM_Wiki\03_PKE_SA_NQA1\Enconet\scripts\write_evaluation.py C:\xPY\xPrj\LLM_Wiki\03_PKE_SA_NQA1\Enconet\out\2026-10-08\conformance-run17\records\APP_B_XVIII.json --run-id RUN-20261008-17 --evidence CRUMB-DOC-0001-APP_B_XVIII-0005 --evidence CRUMB-DOC-0009-APP_B_XVIII-0009 --evidence CRUMB-DOC-0009-APP_B_XVIII-0010 --evidence CRUMB-DOC-0009-APP_B_XVIII-0018 --evidence CRUMB-DOC-0009-APP_B_XVIII-0021 --evidence CRUMB-DOC-0009-APP_B_XVIII-0026 --evidence CRUMB-DOC-0009-APP_B_XVIII-0042 --evidence CRUMB-DOC-0009-APP_B_XVIII-0058
Assessment writes: 18
